// Jest Snapshot v1, https://goo.gl/fbAQLP

exports[`TagsField matches snapshot 1`] = `
<TagsInput
  addKeys={
    Array [
      9,
      13,
    ]
  }
  addOnBlur={false}
  addOnPaste={false}
  className="react-tagsinput"
  disabled={false}
  focusedClassName="react-tagsinput--focused"
  inputProps={Object {}}
  maxTags={-1}
  onChange={[Function]}
  onlyUnique={false}
  pasteSplit={[Function]}
  preventSubmit={true}
  removeKeys={
    Array [
      8,
    ]
  }
  renderInput={[Function]}
  renderLayout={[Function]}
  renderTag={[Function]}
  tagDisplayProp={null}
  tagProps={
    Object {
      "className": "react-tagsinput-tag",
      "classNameRemove": "react-tagsinput-remove",
    }
  }
  validationRegex={/\\.\\*/}
  value={
    Array [
      "val1",
      "val2",
      "val3",
    ]
  }
/>
`;
