// Jest Snapshot v1, https://goo.gl/fbAQLP

exports[`AddNew matches snapshot 1`] = `
<Button
  className="add-new-btn btn-block"
  color="primary"
  onClick={[Function]}
  tag="button"
>
  <IconLeft
    icon={
      Object {
        "icon": Array [
          448,
          512,
          Array [],
          "f067",
          "M448 294.2v-76.4c0-13.3-10.7-24-24-24H286.2V56c0-13.3-10.7-24-24-24h-76.4c-13.3 0-24 10.7-24 24v137.8H24c-13.3 0-24 10.7-24 24v76.4c0 13.3 10.7 24 24 24h137.8V456c0 13.3 10.7 24 24 24h76.4c13.3 0 24-10.7 24-24V318.2H424c13.3 0 24-10.7 24-24z",
        ],
        "iconName": "plus",
        "prefix": "fas",
      }
    }
  >
    Add New
  </IconLeft>
</Button>
`;
